// Vitest Snapshot v1, https://vitest.dev/guide/snapshot.html

exports[`snapshot for app component 1`] = `
{
  "asFragment": [Function],
  "baseElement": <body>
    <div>
      <div>
        <p>
          First React Test Case
        </p>
        <p>
          Muqhtadeer
        </p>
        <img
          src="https://media.istockphoto.com/id/517188688/photo/mountain-landscape.jpg?s=1024x1024&w=0&k=20&c=z8_rWaI8x4zApNEEG9DnWlGXyDIXe-OmsAyQ5fGPVV8="
          title="This is an AI Generated Image"
        />
        <div>
          <h1>
            Test the On Change Event With Input Text
          </h1>
          <input
            type="text"
            value=""
          />
          <button>
            Update Data
          </button>
          <h1 />
        </div>
      </div>
    </div>
  </body>,
  "container": <div>
    <div>
      <p>
        First React Test Case
      </p>
      <p>
        Muqhtadeer
      </p>
      <img
        src="https://media.istockphoto.com/id/517188688/photo/mountain-landscape.jpg?s=1024x1024&w=0&k=20&c=z8_rWaI8x4zApNEEG9DnWlGXyDIXe-OmsAyQ5fGPVV8="
        title="This is an AI Generated Image"
      />
      <div>
        <h1>
          Test the On Change Event With Input Text
        </h1>
        <input
          type="text"
          value=""
        />
        <button>
          Update Data
        </button>
        <h1 />
      </div>
    </div>
  </div>,
  "debug": [Function],
  "findAllByAltText": [Function],
  "findAllByDisplayValue": [Function],
  "findAllByLabelText": [Function],
  "findAllByPlaceholderText": [Function],
  "findAllByRole": [Function],
  "findAllByTestId": [Function],
  "findAllByText": [Function],
  "findAllByTitle": [Function],
  "findByAltText": [Function],
  "findByDisplayValue": [Function],
  "findByLabelText": [Function],
  "findByPlaceholderText": [Function],
  "findByRole": [Function],
  "findByTestId": [Function],
  "findByText": [Function],
  "findByTitle": [Function],
  "getAllByAltText": [Function],
  "getAllByDisplayValue": [Function],
  "getAllByLabelText": [Function],
  "getAllByPlaceholderText": [Function],
  "getAllByRole": [Function],
  "getAllByTestId": [Function],
  "getAllByText": [Function],
  "getAllByTitle": [Function],
  "getByAltText": [Function],
  "getByDisplayValue": [Function],
  "getByLabelText": [Function],
  "getByPlaceholderText": [Function],
  "getByRole": [Function],
  "getByTestId": [Function],
  "getByText": [Function],
  "getByTitle": [Function],
  "queryAllByAltText": [Function],
  "queryAllByDisplayValue": [Function],
  "queryAllByLabelText": [Function],
  "queryAllByPlaceholderText": [Function],
  "queryAllByRole": [Function],
  "queryAllByTestId": [Function],
  "queryAllByText": [Function],
  "queryAllByTitle": [Function],
  "queryByAltText": [Function],
  "queryByDisplayValue": [Function],
  "queryByLabelText": [Function],
  "queryByPlaceholderText": [Function],
  "queryByRole": [Function],
  "queryByTestId": [Function],
  "queryByText": [Function],
  "queryByTitle": [Function],
  "rerender": [Function],
  "unmount": [Function],
}
`;
